D:/TouchGFX_projects/dvd_project/DataLogger/DataLogger/Core/Src/main.c:892:6:StartDefaultTask	8	static
D:/TouchGFX_projects/dvd_project/DataLogger/DataLogger/Core/Src/main.c:248:6:SystemClock_Config	88	static
D:/TouchGFX_projects/dvd_project/DataLogger/DataLogger/Core/Src/main.c:138:5:main	160	static,ignoring_inline_asm
D:/TouchGFX_projects/dvd_project/DataLogger/DataLogger/Core/Src/main.c:876:6:HAL_ADC_ConvCpltCallback	0	static
D:/TouchGFX_projects/dvd_project/DataLogger/DataLogger/Core/Src/main.c:948:6:HAL_TIM_PeriodElapsedCallback	0	static
D:/TouchGFX_projects/dvd_project/DataLogger/DataLogger/Core/Src/main.c:965:6:Error_Handler	0	static
