D:/TouchGFX_projects/dvd_project/DataLogger/DataLogger/Core/Src/stm32f7xx_hal_msp.c:67:6:HAL_MspInit	8	static
D:/TouchGFX_projects/dvd_project/DataLogger/DataLogger/Core/Src/stm32f7xx_hal_msp.c:92:6:HAL_ADC_MspInit	48	static
D:/TouchGFX_projects/dvd_project/DataLogger/DataLogger/Core/Src/stm32f7xx_hal_msp.c:156:6:HAL_ADC_MspDeInit	8	static
D:/TouchGFX_projects/dvd_project/DataLogger/DataLogger/Core/Src/stm32f7xx_hal_msp.c:194:6:HAL_CRC_MspInit	8	static
D:/TouchGFX_projects/dvd_project/DataLogger/DataLogger/Core/Src/stm32f7xx_hal_msp.c:216:6:HAL_CRC_MspDeInit	0	static
D:/TouchGFX_projects/dvd_project/DataLogger/DataLogger/Core/Src/stm32f7xx_hal_msp.c:238:6:HAL_DMA2D_MspInit	16	static
D:/TouchGFX_projects/dvd_project/DataLogger/DataLogger/Core/Src/stm32f7xx_hal_msp.c:263:6:HAL_DMA2D_MspDeInit	0	static
D:/TouchGFX_projects/dvd_project/DataLogger/DataLogger/Core/Src/stm32f7xx_hal_msp.c:288:6:HAL_I2C_MspInit	168	static
D:/TouchGFX_projects/dvd_project/DataLogger/DataLogger/Core/Src/stm32f7xx_hal_msp.c:334:6:HAL_I2C_MspDeInit	8	static
D:/TouchGFX_projects/dvd_project/DataLogger/DataLogger/Core/Src/stm32f7xx_hal_msp.c:365:6:HAL_LTDC_MspInit	192	static
D:/TouchGFX_projects/dvd_project/DataLogger/DataLogger/Core/Src/stm32f7xx_hal_msp.c:482:6:HAL_LTDC_MspDeInit	8	static
D:/TouchGFX_projects/dvd_project/DataLogger/DataLogger/Core/Src/stm32f7xx_hal_msp.c:551:6:HAL_QSPI_MspInit	64	static
D:/TouchGFX_projects/dvd_project/DataLogger/DataLogger/Core/Src/stm32f7xx_hal_msp.c:614:6:HAL_QSPI_MspDeInit	8	static
D:/TouchGFX_projects/dvd_project/DataLogger/DataLogger/Core/Src/stm32f7xx_hal_msp.c:651:6:HAL_TIM_PWM_MspInit	8	static
D:/TouchGFX_projects/dvd_project/DataLogger/DataLogger/Core/Src/stm32f7xx_hal_msp.c:667:6:HAL_TIM_MspPostInit	32	static
D:/TouchGFX_projects/dvd_project/DataLogger/DataLogger/Core/Src/stm32f7xx_hal_msp.c:699:6:HAL_TIM_PWM_MspDeInit	0	static
D:/TouchGFX_projects/dvd_project/DataLogger/DataLogger/Core/Src/stm32f7xx_hal_msp.c:823:6:HAL_SDRAM_MspInit	48	static
D:/TouchGFX_projects/dvd_project/DataLogger/DataLogger/Core/Src/stm32f7xx_hal_msp.c:909:6:HAL_SDRAM_MspDeInit	8	static
