../../Middlewares/ST/touchgfx/framework/include/touchgfx/Screen.hpp:104:18:virtual void touchgfx::Screen::afterTransition()	0	static
../../Middlewares/ST/touchgfx/framework/include/touchgfx/Screen.hpp:144:18:virtual void touchgfx::Screen::handleTickEvent()	0	static
../../Middlewares/ST/touchgfx/framework/include/touchgfx/Screen.hpp:154:18:virtual void touchgfx::Screen::handleKeyEvent(uint8_t)	0	static
D:/TouchGFX_projects/dvd_project/DataLogger/DataLogger/TouchGFX/gui/src/all_screen/AllView.cpp:13:6:virtual void AllView::tearDownScreen()	0	static
../../TouchGFX/gui/include/gui/all_screen/AllView.hpp:11:13:AllView::~AllView()	8	static
../../TouchGFX/gui/include/gui/all_screen/AllView.hpp:11:13:virtual AllView::~AllView()	8	static
D:/TouchGFX_projects/dvd_project/DataLogger/DataLogger/TouchGFX/gui/src/all_screen/AllView.cpp:3:1:AllView::AllView()	8	static
D:/TouchGFX_projects/dvd_project/DataLogger/DataLogger/TouchGFX/gui/src/all_screen/AllView.cpp:18:6:void AllView::UpdateGraph(uint16_t)	0	static
D:/TouchGFX_projects/dvd_project/DataLogger/DataLogger/TouchGFX/gui/src/all_screen/AllView.cpp:23:6:void AllView::UpdateGraph2(uint16_t)	0	static
D:/TouchGFX_projects/dvd_project/DataLogger/DataLogger/TouchGFX/gui/src/all_screen/AllView.cpp:28:6:void AllView::UpdateGraph3(uint16_t)	0	static
D:/TouchGFX_projects/dvd_project/DataLogger/DataLogger/TouchGFX/gui/src/all_screen/AllView.cpp:33:6:void AllView::UpdateGraph4(uint16_t)	0	static
D:/TouchGFX_projects/dvd_project/DataLogger/DataLogger/TouchGFX/gui/src/all_screen/AllView.cpp:38:6:void AllView::UpdateGraph5(uint16_t)	0	static
D:/TouchGFX_projects/dvd_project/DataLogger/DataLogger/TouchGFX/gui/src/all_screen/AllView.cpp:44:6:void AllView::UpdateGraph6(uint16_t)	0	static
D:/TouchGFX_projects/dvd_project/DataLogger/DataLogger/TouchGFX/gui/src/all_screen/AllView.cpp:8:6:virtual void AllView::setupScreen()	0	static
