../../TouchGFX/gui/include/gui/model/ModelListener.hpp:19:18:virtual void ModelListener::UpdateGraph(uint16_t)	0	static
../../TouchGFX/gui/include/gui/model/ModelListener.hpp:20:18:virtual void ModelListener::UpdateGraph2(uint16_t)	0	static
../../TouchGFX/gui/include/gui/model/ModelListener.hpp:21:18:virtual void ModelListener::UpdateGraph3(uint16_t)	0	static
../../TouchGFX/gui/include/gui/model/ModelListener.hpp:23:18:virtual void ModelListener::UpdateGraph5(uint16_t)	0	static
../../TouchGFX/gui/include/gui/model/ModelListener.hpp:24:18:virtual void ModelListener::UpdateGraph6(uint16_t)	0	static
../../TouchGFX/gui/include/gui/channel4_screen/channel4Presenter.hpp:28:13:channel4Presenter::~channel4Presenter()	0	static
D:/TouchGFX_projects/dvd_project/DataLogger/DataLogger/TouchGFX/gui/src/channel4_screen/channel4Presenter.cpp:10:6:virtual void channel4Presenter::activate()	0	static
../../TouchGFX/gui/include/gui/channel4_screen/channel4Presenter.hpp:28:13:virtual channel4Presenter::~channel4Presenter()	8	static
D:/TouchGFX_projects/dvd_project/DataLogger/DataLogger/TouchGFX/gui/src/channel4_screen/channel4Presenter.cpp:20:6:virtual void channel4Presenter::UpdateGraph4(uint16_t)	0	static
../../TouchGFX/gui/include/gui/channel4_screen/channel4Presenter.hpp:28:13:virtual void* channel4Presenter::_ZThn4_N17channel4PresenterD1Ev()	0	static
D:/TouchGFX_projects/dvd_project/DataLogger/DataLogger/TouchGFX/gui/src/channel4_screen/channel4Presenter.cpp:4:1:channel4Presenter::channel4Presenter(channel4View&)	0	static
