../../TouchGFX/gui/include/gui/model/ModelListener.hpp:19:18:virtual void ModelListener::UpdateGraph(uint16_t)	0	static
../../TouchGFX/gui/include/gui/model/ModelListener.hpp:20:18:virtual void ModelListener::UpdateGraph2(uint16_t)	0	static
../../TouchGFX/gui/include/gui/model/ModelListener.hpp:22:18:virtual void ModelListener::UpdateGraph4(uint16_t)	0	static
../../TouchGFX/gui/include/gui/model/ModelListener.hpp:23:18:virtual void ModelListener::UpdateGraph5(uint16_t)	0	static
../../TouchGFX/gui/include/gui/model/ModelListener.hpp:24:18:virtual void ModelListener::UpdateGraph6(uint16_t)	0	static
../../TouchGFX/gui/include/gui/channel3_screen/channel3Presenter.hpp:28:13:channel3Presenter::~channel3Presenter()	0	static
D:/TouchGFX_projects/dvd_project/DataLogger/DataLogger/TouchGFX/gui/src/channel3_screen/channel3Presenter.cpp:10:6:virtual void channel3Presenter::activate()	0	static
../../TouchGFX/gui/include/gui/channel3_screen/channel3Presenter.hpp:28:13:virtual channel3Presenter::~channel3Presenter()	8	static
D:/TouchGFX_projects/dvd_project/DataLogger/DataLogger/TouchGFX/gui/src/channel3_screen/channel3Presenter.cpp:20:6:virtual void channel3Presenter::UpdateGraph3(uint16_t)	0	static
../../TouchGFX/gui/include/gui/channel3_screen/channel3Presenter.hpp:28:13:virtual void* channel3Presenter::_ZThn4_N17channel3PresenterD1Ev()	0	static
D:/TouchGFX_projects/dvd_project/DataLogger/DataLogger/TouchGFX/gui/src/channel3_screen/channel3Presenter.cpp:4:1:channel3Presenter::channel3Presenter(channel3View&)	0	static
