../../Middlewares/ST/touchgfx/framework/include/touchgfx/Screen.hpp:104:18:virtual void touchgfx::Screen::afterTransition()	0	static
../../Middlewares/ST/touchgfx/framework/include/touchgfx/Screen.hpp:144:18:virtual void touchgfx::Screen::handleTickEvent()	0	static
../../Middlewares/ST/touchgfx/framework/include/touchgfx/Screen.hpp:154:18:virtual void touchgfx::Screen::handleKeyEvent(uint8_t)	0	static
D:/TouchGFX_projects/dvd_project/DataLogger/DataLogger/TouchGFX/gui/src/channel3_screen/channel3View.cpp:13:6:virtual void channel3View::tearDownScreen()	0	static
../../TouchGFX/gui/include/gui/channel3_screen/channel3View.hpp:11:13:channel3View::~channel3View()	8	static
../../TouchGFX/gui/include/gui/channel3_screen/channel3View.hpp:11:13:virtual channel3View::~channel3View()	8	static
D:/TouchGFX_projects/dvd_project/DataLogger/DataLogger/TouchGFX/gui/src/channel3_screen/channel3View.cpp:3:1:channel3View::channel3View()	8	static
D:/TouchGFX_projects/dvd_project/DataLogger/DataLogger/TouchGFX/gui/src/channel3_screen/channel3View.cpp:18:6:void channel3View::UpdateGraph3(uint16_t)	0	static
D:/TouchGFX_projects/dvd_project/DataLogger/DataLogger/TouchGFX/gui/src/channel3_screen/channel3View.cpp:8:6:virtual void channel3View::setupScreen()	0	static
