../../Middlewares/ST/touchgfx/framework/include/touchgfx/Screen.hpp:104:18:virtual void touchgfx::Screen::afterTransition()	0	static
../../Middlewares/ST/touchgfx/framework/include/touchgfx/Screen.hpp:144:18:virtual void touchgfx::Screen::handleTickEvent()	0	static
../../Middlewares/ST/touchgfx/framework/include/touchgfx/Screen.hpp:154:18:virtual void touchgfx::Screen::handleKeyEvent(uint8_t)	0	static
D:/TouchGFX_projects/dvd_project/DataLogger/DataLogger/TouchGFX/gui/src/channel6_screen/channel6View.cpp:13:6:virtual void channel6View::tearDownScreen()	0	static
../../TouchGFX/gui/include/gui/channel6_screen/channel6View.hpp:11:13:channel6View::~channel6View()	8	static
../../TouchGFX/gui/include/gui/channel6_screen/channel6View.hpp:11:13:virtual channel6View::~channel6View()	8	static
D:/TouchGFX_projects/dvd_project/DataLogger/DataLogger/TouchGFX/gui/src/channel6_screen/channel6View.cpp:3:1:channel6View::channel6View()	8	static
D:/TouchGFX_projects/dvd_project/DataLogger/DataLogger/TouchGFX/gui/src/channel6_screen/channel6View.cpp:18:6:void channel6View::UpdateGraph6(uint16_t)	0	static
D:/TouchGFX_projects/dvd_project/DataLogger/DataLogger/TouchGFX/gui/src/channel6_screen/channel6View.cpp:8:6:virtual void channel6View::setupScreen()	0	static
